Archive member included to satisfy reference by file (symbol)

x:/summer_2020/imt-online arm diploma/imt_arm_course/02- tools/03- imt sdk/imt_sdk_win_64/winarm/armgcc/bin/../lib/gcc/arm-none-eabi/7.2.1/../../../../arm-none-eabi/lib/thumb/v7-m\libg_nano.a(lib_a-errno.o)
                              ./system/src/newlib/_sbrk.o (__errno)
x:/summer_2020/imt-online arm diploma/imt_arm_course/02- tools/03- imt sdk/imt_sdk_win_64/winarm/armgcc/bin/../lib/gcc/arm-none-eabi/7.2.1/../../../../arm-none-eabi/lib/thumb/v7-m\libg_nano.a(lib_a-impure.o)
                              x:/summer_2020/imt-online arm diploma/imt_arm_course/02- tools/03- imt sdk/imt_sdk_win_64/winarm/armgcc/bin/../lib/gcc/arm-none-eabi/7.2.1/../../../../arm-none-eabi/lib/thumb/v7-m\libg_nano.a(lib_a-errno.o) (_impure_ptr)
x:/summer_2020/imt-online arm diploma/imt_arm_course/02- tools/03- imt sdk/imt_sdk_win_64/winarm/armgcc/bin/../lib/gcc/arm-none-eabi/7.2.1/../../../../arm-none-eabi/lib/thumb/v7-m\libg_nano.a(lib_a-strlen.o)
                              ./system/src/diag/Trace.o (strlen)
x:/summer_2020/imt-online arm diploma/imt_arm_course/02- tools/03- imt sdk/imt_sdk_win_64/winarm/armgcc/bin/../lib/gcc/arm-none-eabi/7.2.1/../../../../arm-none-eabi/lib/thumb/v7-m\libg_nano.a(lib_a-vsnprintf.o)
                              ./system/src/diag/Trace.o (vsnprintf)
x:/summer_2020/imt-online arm diploma/imt_arm_course/02- tools/03- imt sdk/imt_sdk_win_64/winarm/armgcc/bin/../lib/gcc/arm-none-eabi/7.2.1/../../../../arm-none-eabi/lib/thumb/v7-m\libg_nano.a(lib_a-nano-svfprintf.o)
                              x:/summer_2020/imt-online arm diploma/imt_arm_course/02- tools/03- imt sdk/imt_sdk_win_64/winarm/armgcc/bin/../lib/gcc/arm-none-eabi/7.2.1/../../../../arm-none-eabi/lib/thumb/v7-m\libg_nano.a(lib_a-vsnprintf.o) (_svfprintf_r)
x:/summer_2020/imt-online arm diploma/imt_arm_course/02- tools/03- imt sdk/imt_sdk_win_64/winarm/armgcc/bin/../lib/gcc/arm-none-eabi/7.2.1/../../../../arm-none-eabi/lib/thumb/v7-m\libg_nano.a(lib_a-nano-vfprintf_i.o)
                              x:/summer_2020/imt-online arm diploma/imt_arm_course/02- tools/03- imt sdk/imt_sdk_win_64/winarm/armgcc/bin/../lib/gcc/arm-none-eabi/7.2.1/../../../../arm-none-eabi/lib/thumb/v7-m\libg_nano.a(lib_a-nano-svfprintf.o) (_printf_i)
x:/summer_2020/imt-online arm diploma/imt_arm_course/02- tools/03- imt sdk/imt_sdk_win_64/winarm/armgcc/bin/../lib/gcc/arm-none-eabi/7.2.1/../../../../arm-none-eabi/lib/thumb/v7-m\libg_nano.a(lib_a-memchr-stub.o)
                              x:/summer_2020/imt-online arm diploma/imt_arm_course/02- tools/03- imt sdk/imt_sdk_win_64/winarm/armgcc/bin/../lib/gcc/arm-none-eabi/7.2.1/../../../../arm-none-eabi/lib/thumb/v7-m\libg_nano.a(lib_a-nano-svfprintf.o) (memchr)
x:/summer_2020/imt-online arm diploma/imt_arm_course/02- tools/03- imt sdk/imt_sdk_win_64/winarm/armgcc/bin/../lib/gcc/arm-none-eabi/7.2.1/../../../../arm-none-eabi/lib/thumb/v7-m\libg_nano.a(lib_a-memcpy-stub.o)
                              x:/summer_2020/imt-online arm diploma/imt_arm_course/02- tools/03- imt sdk/imt_sdk_win_64/winarm/armgcc/bin/../lib/gcc/arm-none-eabi/7.2.1/../../../../arm-none-eabi/lib/thumb/v7-m\libg_nano.a(lib_a-nano-svfprintf.o) (memcpy)
x:/summer_2020/imt-online arm diploma/imt_arm_course/02- tools/03- imt sdk/imt_sdk_win_64/winarm/armgcc/bin/../lib/gcc/arm-none-eabi/7.2.1/../../../../arm-none-eabi/lib/thumb/v7-m\libg_nano.a(lib_a-memmove.o)
                              x:/summer_2020/imt-online arm diploma/imt_arm_course/02- tools/03- imt sdk/imt_sdk_win_64/winarm/armgcc/bin/../lib/gcc/arm-none-eabi/7.2.1/../../../../arm-none-eabi/lib/thumb/v7-m\libg_nano.a(lib_a-nano-svfprintf.o) (memmove)
x:/summer_2020/imt-online arm diploma/imt_arm_course/02- tools/03- imt sdk/imt_sdk_win_64/winarm/armgcc/bin/../lib/gcc/arm-none-eabi/7.2.1/../../../../arm-none-eabi/lib/thumb/v7-m\libg_nano.a(lib_a-nano-freer.o)
                              x:/summer_2020/imt-online arm diploma/imt_arm_course/02- tools/03- imt sdk/imt_sdk_win_64/winarm/armgcc/bin/../lib/gcc/arm-none-eabi/7.2.1/../../../../arm-none-eabi/lib/thumb/v7-m\libg_nano.a(lib_a-nano-svfprintf.o) (_free_r)
x:/summer_2020/imt-online arm diploma/imt_arm_course/02- tools/03- imt sdk/imt_sdk_win_64/winarm/armgcc/bin/../lib/gcc/arm-none-eabi/7.2.1/../../../../arm-none-eabi/lib/thumb/v7-m\libg_nano.a(lib_a-nano-mallocr.o)
                              x:/summer_2020/imt-online arm diploma/imt_arm_course/02- tools/03- imt sdk/imt_sdk_win_64/winarm/armgcc/bin/../lib/gcc/arm-none-eabi/7.2.1/../../../../arm-none-eabi/lib/thumb/v7-m\libg_nano.a(lib_a-nano-svfprintf.o) (_malloc_r)
x:/summer_2020/imt-online arm diploma/imt_arm_course/02- tools/03- imt sdk/imt_sdk_win_64/winarm/armgcc/bin/../lib/gcc/arm-none-eabi/7.2.1/../../../../arm-none-eabi/lib/thumb/v7-m\libg_nano.a(lib_a-nano-reallocr.o)
[...]
Memory Configuration

Name             Origin             Length             Attributes
RAM              0x20000000         0x00005000         xrw
CCMRAM           0x00000000         0x00000000         xrw
FLASH            0x08000000         0x00010000         xr
FLASHB1          0x00000000         0x00000000         xr
EXTMEMB0         0x00000000         0x00000000         xr
EXTMEMB1         0x00000000         0x00000000         xr
EXTMEMB2         0x00000000         0x00000000         xr
EXTMEMB3         0x00000000         0x00000000         xr
MEMORY_ARRAY     0x00000000         0x00000000         xrw
*default*        0x00000000         0xffffffff

Linker script and memory map

LOAD ./system/src/stm32f1-stdperiph/misc.o
LOAD ./system/src/stm32f1-stdperiph/stm32f10x_gpio.o
LOAD ./system/src/stm32f1-stdperiph/stm32f10x_rcc.o
LOAD ./system/src/newlib/_cxx.o
LOAD ./system/src/newlib/_exit.o
LOAD ./system/src/newlib/_sbrk.o
LOAD ./system/src/newlib/_startup.o
LOAD ./system/src/newlib/_syscalls.o
LOAD ./system/src/newlib/assert.o
LOAD ./system/src/diag/Trace.o
LOAD ./system/src/diag/trace_impl.o
LOAD ./system/src/cortexm/_initialize_hardware.o
LOAD ./system/src/cortexm/_reset_hardware.o
LOAD ./system/src/cortexm/exception_handlers.o
LOAD ./system/src/cmsis/system_stm32f10x.o
LOAD ./system/src/cmsis/vectors_stm32f10x.o
LOAD ./src/AFIO_program.o
LOAD ./src/EXTI_program.o
LOAD ./src/GPIO_program.o
LOAD ./src/IR_NEC_program.o
LOAD ./src/NVIC_program.o
LOAD ./src/RCC_program.o
LOAD ./src/SCB_program.o
LOAD ./src/SPI_program.o
LOAD ./src/SnakeGame_program.o
LOAD ./src/SysTick_program.o
LOAD ./src/TFT_program.o
LOAD ./src/Timer2_5_program.o
LOAD ./src/main.o
LOAD x:/summer_2020/imt-online arm diploma/imt_arm_course/02- tools/03- imt sdk/imt_sdk_win_64/winarm/armgcc/bin/../lib/gcc/arm-none-eabi/7.2.1/../../../../arm-none-eabi/lib/thumb/v7-m\libstdc++_nano.a
LOAD x:/summer_2020/imt-online arm diploma/imt_arm_course/02- tools/03- imt sdk/imt_sdk_win_64/winarm/armgcc/bin/../lib/gcc/arm-none-eabi/7.2.1/../../../../arm-none-eabi/lib/thumb/v7-m\libm.a
START GROUP
LOAD x:/summer_2020/imt-online arm diploma/imt_arm_course/02- tools/03- imt sdk/imt_sdk_win_64/winarm/armgcc/bin/../lib/gcc/arm-none-eabi/7.2.1/thumb/v7-m\libgcc.a
LOAD x:/summer_2020/imt-online arm diploma/imt_arm_course/02- tools/03- imt sdk/imt_sdk_win_64/winarm/armgcc/bin/../lib/gcc/arm-none-eabi/7.2.1/../../../../arm-none-eabi/lib/thumb/v7-m\libg_nano.a
LOAD x:/summer_2020/imt-online arm diploma/imt_arm_course/02- tools/03- imt sdk/imt_sdk_win_64/winarm/armgcc/bin/../lib/gcc/arm-none-eabi/7.2.1/../../../../arm-none-eabi/lib/thumb/v7-m\libc_nano.a
END GROUP
START GROUP
LOAD x:/summer_2020/imt-online arm diploma/imt_arm_course/02- tools/03- imt sdk/imt_sdk_win_64/winarm/armgcc/bin/../lib/gcc/arm-none-eabi/7.2.1/thumb/v7-m\libgcc.a
LOAD x:/summer_2020/imt-online arm diploma/imt_arm_course/02- tools/03- imt sdk/imt_sdk_win_64/winarm/armgcc/bin/../lib/gcc/arm-none-eabi/7.2.1/../../../../arm-none-eabi/lib/thumb/v7-m\libc_nano.a
END GROUP
                0x20005000                __stack = (ORIGIN (RAM) + LENGTH (RAM))
                0x20005000                _estack = __stack
                0x00000400                __Main_Stack_Size = 0x400
                [!provide]                PROVIDE (_Main_Stack_Size, __Main_Stack_Size)
                0x20004c00                __Main_Stack_Limit = (__stack - __Main_Stack_Size)
                [!provide]                PROVIDE (_Main_Stack_Limit, __Main_Stack_Limit)
                0x00000100                _Minimum_Stack_Size = 0x100
                0x20000404                PROVIDE (_Heap_Begin, _end_noinit)
                0x20004c00                PROVIDE (_Heap_Limit, (__stack - __Main_Stack_Size))

.isr_vector     0x08000000      0x350
 FILL mask 0xff
                0x08000000                __vectors_start = ABSOLUTE (.)
                0x08000000                __vectors_start__ = ABSOLUTE (.)
 *(.isr_vector)
 .isr_vector    0x08000000      0x10c ./system/src/cmsis/vectors_stm32f10x.o
                0x08000000                __isr_vectors
 *(.cfmconfig)
 *(.after_vectors .after_vectors.*)
 .after_vectors
                0x0800010c      0x114 ./system/src/newlib/_startup.o
                0x0800010c                _start
 .after_vectors
                0x08000220      0x12c ./system/src/cortexm/exception_handlers.o
                0x08000220                Reset_Handler
                0x08000226                NMI_Handler
                0x0800022a                HardFault_Handler
                0x0800023e                HardFault_Handler_C
                0x0800029c                MemManage_Handler
                0x080002a0                BusFault_Handler
                0x080002b4                BusFault_Handler_C
                0x080002e8                UsageFault_Handler
                0x080002fc                UsageFault_Handler_C
                0x08000330                SVC_Handler
                0x08000334                DebugMon_Handler
                0x08000338                PendSV_Handler
 .after_vectors
                0x0800034c        0x4 ./system/src/cmsis/vectors_stm32f10x.o
                0x0800034c                TIM8_TRG_COM_IRQHandler
                0x0800034c                TIM8_CC_IRQHandler
                0x0800034c                TIM1_CC_IRQHandler
                0x0800034c                TIM6_IRQHandler
                0x0800034c                PVD_IRQHandler
                0x0800034c                SDIO_IRQHandler
                0x0800034c                CAN2_RX1_IRQHandler
                0x0800034c                TIM8_TRG_COM_TIM14_IRQHandler
                0x0800034c                TIM1_UP_TIM10_IRQHandler
                0x0800034c                TIM8_UP_TIM13_IRQHandler
                0x0800034c                I2C2_EV_IRQHandler
                0x0800034c                CAN1_RX0_IRQHandler
                0x0800034c                TIM1_UP_TIM16_IRQHandler
                0x0800034c                CAN2_SCE_IRQHandler
                0x0800034c                ADC1_2_IRQHandler
                0x0800034c                TAMPER_IRQHandler
                0x0800034c                TIM6_DAC_IRQHandler
                0x0800034c                TIM1_BRK_TIM9_IRQHandler
                0x0800034c                CAN2_RX0_IRQHandler
                0x0800034c                TIM8_UP_IRQHandler
                0x0800034c                DMA2_Channel2_IRQHandler
                0x0800034c                DMA1_Channel4_IRQHandler
                0x0800034c                USART3_IRQHandler
                0x0800034c                RTC_IRQHandler
                0x0800034c                DMA1_Channel7_IRQHandler
                0x0800034c                CAN1_RX1_IRQHandler
                0x0800034c                UART5_IRQHandler
                0x0800034c                ADC3_IRQHandler
                0x0800034c                DMA2_Channel1_IRQHandler
                0x0800034c                I2C1_EV_IRQHandler
                0x0800034c                DMA1_Channel6_IRQHandler
                0x0800034c                UART4_IRQHandler
                0x0800034c                DMA2_Channel4_IRQHandler
                0x0800034c                RCC_IRQHandler
                0x0800034c                TIM8_BRK_TIM12_IRQHandler
                0x0800034c                TIM1_TRG_COM_IRQHandler
                0x0800034c                DMA1_Channel1_IRQHandler
                0x0800034c                Default_Handler
                0x0800034c                CEC_IRQHandler
                0x0800034c                TIM14_IRQHandler
                0x0800034c                TIM13_IRQHandler
                0x0800034c                TIM12_IRQHandler
                0x0800034c                TIM7_IRQHandler
                0x0800034c                CAN2_TX_IRQHandler
                0x0800034c                TIM5_IRQHandler
                0x0800034c                ETH_WKUP_IRQHandler
                0x0800034c                CAN1_TX_IRQHandler
                0x0800034c                DMA2_Channel5_IRQHandler
                0x0800034c                DMA1_Channel5_IRQHandler
                0x0800034c                USB_LP_CAN1_RX0_IRQHandler
                0x0800034c                TIM1_TRG_COM_TIM17_IRQHandler
                0x0800034c                USB_HP_CAN1_TX_IRQHandler
                0x0800034c                DMA1_Channel3_IRQHandler
                0x0800034c                FSMC_IRQHandler
                0x0800034c                ETH_IRQHandler
                0x0800034c                TIM1_UP_IRQHandler
                0x0800034c                WWDG_IRQHandler
                0x0800034c                OTG_FS_WKUP_IRQHandler
                0x0800034c                TIM1_TRG_COM_TIM11_IRQHandler
                0x0800034c                TIM1_BRK_IRQHandler
                0x0800034c                RTCAlarm_IRQHandler
                0x0800034c                DMA2_Channel4_5_IRQHandler
                0x0800034c                USART2_IRQHandler
                0x0800034c                I2C2_ER_IRQHandler
                0x0800034c                DMA1_Channel2_IRQHandler
                0x0800034c                TIM8_BRK_IRQHandler
                0x0800034c                CAN1_SCE_IRQHandler
                0x0800034c                FLASH_IRQHandler
                0x0800034c                USART1_IRQHandler
                0x0800034c                OTG_FS_IRQHandler
                0x0800034c                SPI3_IRQHandler
                0x0800034c                I2C1_ER_IRQHandler
                0x0800034c                USBWakeUp_IRQHandler
                0x0800034c                DMA2_Channel3_IRQHandler
                0x0800034c                TIM1_BRK_TIM15_IRQHandler

.inits          0x08000350       0x28
                0x08000350                __data_regions_array_start = .
                0x08000350        0x4 LONG 0x8002cf0 LOADADDR (.data)
                0x08000354        0x4 LONG 0x20000000 ADDR (.data)
                0x08000358        0x4 LONG 0x2000008c (ADDR (.data) + SIZEOF (.data))
                0x0800035c        0x4 LONG 0x8002cf0 LOADADDR (.data_CCMRAM)
                0x08000360        0x4 LONG 0x0 ADDR (.data_CCMRAM)
                0x08000364        0x4 LONG 0x0 (ADDR (.data_CCMRAM) + SIZEOF (.data_CCMRAM))
                0x08000368                __data_regions_array_end = .
                0x08000368                __bss_regions_array_start = .
                0x08000368        0x4 LONG 0x2000008c ADDR (.bss)
                0x0800036c        0x4 LONG 0x20000404 (ADDR (.bss) + SIZEOF (.bss))
                0x08000370        0x4 LONG 0x0 ADDR (.bss_CCMRAM)
                0x08000374        0x4 LONG 0x0 (ADDR (.bss_CCMRAM) + SIZEOF (.bss_CCMRAM))
                0x08000378                __bss_regions_array_end = .
 *(.init)
 *(.fini)
                0x08000378                . = ALIGN (0x4)
                0x08000378                PROVIDE (__preinit_array_start, .)
 *(.preinit_array_sysinit .preinit_array_sysinit.*)
 *(.preinit_array_platform .preinit_array_platform.*)
 *(.preinit_array .preinit_array.*)
                0x08000378                PROVIDE (__preinit_array_end, .)
                0x08000378                . = ALIGN (0x4)
                0x08000378                PROVIDE (__init_array_start, .)
 *(SORT_BY_NAME(.init_array.*))
 *(.init_array)
                0x08000378                PROVIDE (__init_array_end, .)
                0x08000378                . = ALIGN (0x4)
                0x08000378                PROVIDE (__fini_array_start, .)
 *(SORT_BY_NAME(.fini_array.*))
 *(.fini_array)
                0x08000378                PROVIDE (__fini_array_end, .)

.flashtext
 *(.flashtext .flashtext.*)

.text           0x08000378     0x2976
 *(.text .text.*)
 .text._exit    0x08000378        0x2 ./system/src/newlib/_exit.o
                0x08000378                _exit
 *fill*         0x0800037a        0x2 
 .text._sbrk    0x0800037c       0x44 ./system/src/newlib/_sbrk.o
                0x0800037c                _sbrk
 .text.__initialize_args
                0x080003c0       0x10 ./system/src/newlib/_syscalls.o
                0x080003c0                __initialize_args
 .text.trace_printf
                0x080003d0       0x30 ./system/src/diag/Trace.o
                0x080003d0                trace_printf
 .text._trace_write_semihosting_debug
                0x08000400       0x60 ./system/src/diag/trace_impl.o
 .text.trace_write
                0x08000460        0x8 ./system/src/diag/trace_impl.o
                0x08000460                trace_write
 .text.__initialize_hardware_early
                0x08000468       0x18 ./system/src/cortexm/_initialize_hardware.o
                0x08000468                __initialize_hardware_early
 .text.__initialize_hardware
                0x08000480        0x8 ./system/src/cortexm/_initialize_hardware.o
                0x08000480                __initialize_hardware
 .text.dumpExceptionStack
                0x08000488       0xf4 ./system/src/cortexm/exception_handlers.o
                0x08000488                dumpExceptionStack
 .text.isSemihosting
                0x0800057c       0x20 ./system/src/cortexm/exception_handlers.o
                0x0800057c                isSemihosting
 .text.SetSysClockTo72
                0x0800059c       0xc4 ./system/src/cmsis/system_stm32f10x.o
 .text.SetSysClock
                0x08000660        0x8 ./system/src/cmsis/system_stm32f10x.o
 .text.SystemInit
                0x08000668       0x50 ./system/src/cmsis/system_stm32f10x.o
                0x08000668                SystemInit
 .text.SystemCoreClockUpdate
                0x080006b8       0x94 ./system/src/cmsis/system_stm32f10x.o
                0x080006b8                SystemCoreClockUpdate
 .text.MAFIO_voidSetEXTILine
                0x0800074c       0x2c ./src/AFIO_program.o
                0x0800074c                MAFIO_voidSetEXTILine
 .text.MEXTI_voidInit
                0x08000778       0x10 ./src/EXTI_program.o
                0x08000778                MEXTI_voidInit
 .text.MEXTI_voidEnable_EXTI_Line
                0x08000788       0x14 ./src/EXTI_program.o
                0x08000788                MEXTI_voidEnable_EXTI_Line
 .text.MEXTI_voidCheckPending_EXTI_Line
                0x0800079c       0x14 ./src/EXTI_program.o
                0x0800079c                MEXTI_voidCheckPending_EXTI_Line
 .text.MEXTI_voidClearPending_EXTI_Line
                0x080007b0       0x10 ./src/EXTI_program.o
                0x080007b0                MEXTI_voidClearPending_EXTI_Line
 .text.MEXTI_voidSetCallback
                0x080007c0        0xc ./src/EXTI_program.o
                0x080007c0                MEXTI_voidSetCallback
 .text.EXTI0_IRQHandler
                0x080007cc       0x1c ./src/EXTI_program.o
                0x080007cc                EXTI0_IRQHandler
 .text.EXTI1_IRQHandler
                0x080007e8       0x1c ./src/EXTI_program.o
                0x080007e8                EXTI1_IRQHandler
 .text.EXTI2_IRQHandler
                0x08000804       0x1c ./src/EXTI_program.o
                0x08000804                EXTI2_IRQHandler
 .text.EXTI3_IRQHandler
                0x08000820       0x1c ./src/EXTI_program.o
                0x08000820                EXTI3_IRQHandler
 .text.EXTI4_IRQHandler
                0x0800083c       0x1c ./src/EXTI_program.o
                0x0800083c                EXTI4_IRQHandler
 .text.EXTI9_5_IRQHandler
                0x08000858       0x38 ./src/EXTI_program.o
                0x08000858                EXTI9_5_IRQHandler
 .text.EXTI15_10_IRQHandler
                0x08000890       0x38 ./src/EXTI_program.o
                0x08000890                EXTI15_10_IRQHandler
 .text.MGPIO_voidSetPinMode
                0x080008c8      0x18c ./src/GPIO_program.o
                0x080008c8                MGPIO_voidSetPinMode
 .text.MGPIO_voidSetPinValue
                0x08000a54       0x80 ./src/GPIO_program.o
                0x08000a54                MGPIO_voidSetPinValue
 .text.ReceiveBit
                0x08000ad4       0x70 ./src/IR_NEC_program.o
                0x08000ad4                ReceiveBit
 .text.DecodeReceivedFrame
                0x08000b44       0x84 ./src/IR_NEC_program.o
                0x08000b44                DecodeReceivedFrame
 .text.HIR_NEC_voidInit
                0x08000bc8       0x38 ./src/IR_NEC_program.o
                0x08000bc8                HIR_NEC_voidInit
 .text.HIR_NEC_u8ReadReceivedFrame
                0x08000c00       0x48 ./src/IR_NEC_program.o
                0x08000c00                HIR_NEC_u8ReadReceivedFrame
 .text.MNVIC_voidEnableInterrupt
                0x08000c48       0x2c ./src/NVIC_program.o
                0x08000c48                MNVIC_voidEnableInterrupt
 .text.MNVIC_voidSetInterruptPriority
                0x08000c74       0x3c ./src/NVIC_program.o
                0x08000c74                MNVIC_voidSetInterruptPriority
 .text.MRCC_voidInitSysClock
                0x08000cb0       0x24 ./src/RCC_program.o
                0x08000cb0                MRCC_voidInitSysClock
 .text.MRCC_voidEnableClock
                0x08000cd4       0x4c ./src/RCC_program.o
                0x08000cd4                MRCC_voidEnableClock
 .text.MSCB_voidSet_SWInterruptPriorityGrouping
                0x08000d20       0x18 ./src/SCB_program.o
                0x08000d20                MSCB_voidSet_SWInterruptPriorityGrouping
 .text.MSPI1_voidInit
                0x08000d38       0x58 ./src/SPI_program.o
                0x08000d38                MSPI1_voidInit
 .text.MSPI1_voidSendReceiveSynchronous
                0x08000d90       0x48 ./src/SPI_program.o
                0x08000d90                MSPI1_voidSendReceiveSynchronous
 .text.SPI1_IRQHandler
                0x08000dd8       0x20 ./src/SPI_program.o
                0x08000dd8                SPI1_IRQHandler
 .text.SPI2_IRQHandler
                0x08000df8       0x20 ./src/SPI_program.o
                0x08000df8                SPI2_IRQHandler
 .text.RandomNumberGenerator
                0x08000e18       0xb8 ./src/SnakeGame_program.o
 .text.MoveTheHead
                0x08000ed0       0x48 ./src/SnakeGame_program.o
 .text.CheckTheFruit
                0x08000f18       0x9c ./src/SnakeGame_program.o
 .text.CheckHitItself
                0x08000fb4       0xb4 ./src/SnakeGame_program.o
 .text.CheckHitBorder
                0x08001068       0x5c ./src/SnakeGame_program.o
 .text.CheckForHit
                0x080010c4       0x30 ./src/SnakeGame_program.o
 .text.UpdateTheBody
                0x080010f4       0xb8 ./src/SnakeGame_program.o
 .text.InitSystem
                0x080011ac       0x34 ./src/SnakeGame_program.o
 .text.DisplayWelcomeMessage
                0x080011e0       0x4c ./src/SnakeGame_program.o
 .text.DisplayGameOver
                0x0800122c       0x48 ./src/SnakeGame_program.o
 .text.DrawTheBorders
                0x08001274       0x44 ./src/SnakeGame_program.o
 .text.DrawTheField
                0x080012b8       0x54 ./src/SnakeGame_program.o
 .text.DisplayPromptMessage
                0x0800130c       0x60 ./src/SnakeGame_program.o
 .text.DrawTheFruit
                0x0800136c       0x30 ./src/SnakeGame_program.o
 .text.DrawTheSnake
                0x0800139c       0xac ./src/SnakeGame_program.o
 .text.UpdateTheGameSpeed
                0x08001448       0x20 ./src/SnakeGame_program.o
 .text.CheckButtons
                0x08001468        0x8 ./src/SnakeGame_program.o
 .text.UpdatePointsAndLevel
                0x08001470       0xdc ./src/SnakeGame_program.o
 .text.PauseTheGame
                0x0800154c       0x90 ./src/SnakeGame_program.o
 .text.EndTheGame
                0x080015dc       0x14 ./src/SnakeGame_program.o
 .text.PlaceTheFruit
                0x080015f0       0x78 ./src/SnakeGame_program.o
 .text.StartNewGame
                0x08001668       0x94 ./src/SnakeGame_program.o
 .text.MoveTheSnake
                0x080016fc       0xdc ./src/SnakeGame_program.o
 .text.StartSnakeGame
                0x080017d8       0x18 ./src/SnakeGame_program.o
                0x080017d8                StartSnakeGame
 .text.MSysTick_voidInit
                0x080017f0        0xc ./src/SysTick_program.o
                0x080017f0                MSysTick_voidInit
 .text.MSysTick_voidSetIntervalPeriodic
                0x080017fc       0x34 ./src/SysTick_program.o
                0x080017fc                MSysTick_voidSetIntervalPeriodic
 .text.MSysTick_voidSetIntervalSingle
                0x08001830       0x14 ./src/SysTick_program.o
                0x08001830                MSysTick_voidSetIntervalSingle
 .text.MSysTick_voidStopInterval
                0x08001844       0x18 ./src/SysTick_program.o
                0x08001844                MSysTick_voidStopInterval
 .text.MSysTick_u32GetElapsedTime
                0x0800185c       0x10 ./src/SysTick_program.o
                0x0800185c                MSysTick_u32GetElapsedTime
 .text.SysTick_Handler
                0x0800186c       0x38 ./src/SysTick_program.o
                0x0800186c                SysTick_Handler
 .text.voidWriteData
                0x080018a4       0x1c ./src/TFT_program.o
 .text.voidPushColor
                0x080018c0       0x12 ./src/TFT_program.o
 *fill*         0x080018d2        0x2 
 .text.voidWriteCommand
                0x080018d4       0x1c ./src/TFT_program.o
 .text.setAddrWindow
                0x080018f0       0x4e ./src/TFT_program.o
 .text.HTFT_voidInit
                0x0800193e       0xb4 ./src/TFT_program.o
                0x0800193e                HTFT_voidInit
 .text.HTFT_voidFillColour
                0x080019f2       0x62 ./src/TFT_program.o
                0x080019f2                HTFT_voidFillColour
 .text.HTFT_voidDrawRectangle
                0x08001a54       0x7a ./src/TFT_program.o
                0x08001a54                HTFT_voidDrawRectangle
 *fill*         0x08001ace        0x2 
 .text.HTFT_voidDrawCharacter
                0x08001ad0       0xc0 ./src/TFT_program.o
                0x08001ad0                HTFT_voidDrawCharacter
 .text.HTFT_voidDrawNumber
                0x08001b90       0x1c ./src/TFT_program.o
                0x08001b90                HTFT_voidDrawNumber
 .text.HTFT_voidDrawString
                0x08001bac       0x40 ./src/TFT_program.o
                0x08001bac                HTFT_voidDrawString
 .text.MTimer2_voidInit
                0x08001bec       0x12 ./src/Timer2_5_program.o
                0x08001bec                MTimer2_voidInit
 .text.MTimer2_voidSetBusyWait
                0x08001bfe       0x3e ./src/Timer2_5_program.o
                0x08001bfe                MTimer2_voidSetBusyWait
 .text.MTimer3_voidInit
                0x08001c3c       0x18 ./src/Timer2_5_program.o
                0x08001c3c                MTimer3_voidInit
 .text.MTimer3_voidSetBusyWait
                0x08001c54       0x3c ./src/Timer2_5_program.o
                0x08001c54                MTimer3_voidSetBusyWait
 .text.MTimer3_voidSetIntervalPeriodic
                0x08001c90       0x3c ./src/Timer2_5_program.o
                0x08001c90                MTimer3_voidSetIntervalPeriodic
 .text.MTimer3_voidStopTimer
                0x08001ccc       0x1c ./src/Timer2_5_program.o
                0x08001ccc                MTimer3_voidStopTimer
 .text.MTimer3_u16GetRemainingTime
                0x08001ce8       0x1c ./src/Timer2_5_program.o
                0x08001ce8                MTimer3_u16GetRemainingTime
 .text.TIM2_IRQHandler
                0x08001d04       0x1c ./src/Timer2_5_program.o
                0x08001d04                TIM2_IRQHandler
 .text.TIM3_IRQHandler
                0x08001d20       0x20 ./src/Timer2_5_program.o
                0x08001d20                TIM3_IRQHandler
 .text.TIM4_IRQHandler
                0x08001d40       0x20 ./src/Timer2_5_program.o
                0x08001d40                TIM4_IRQHandler
 .text.main     0x08001d60       0x3c ./src/main.o
                0x08001d60                main
 .text.__errno  0x08001d9c        0xc x:/summer_2020/imt-online arm diploma/imt_arm_course/02- tools/03- imt sdk/imt_sdk_win_64/winarm/armgcc/bin/../lib/gcc/arm-none-eabi/7.2.1/../../../../arm-none-eabi/lib/thumb/v7-m\libg_nano.a(lib_a-errno.o)
                0x08001d9c                __errno
 .text._vsnprintf_r
                0x08001da8       0x58 x:/summer_2020/imt-online arm diploma/imt_arm_course/02- tools/03- imt sdk/imt_sdk_win_64/winarm/armgcc/bin/../lib/gcc/arm-none-eabi/7.2.1/../../../../arm-none-eabi/lib/thumb/v7-m\libg_nano.a(lib_a-vsnprintf.o)
                0x08001da8                _vsniprintf_r
                0x08001da8                _vsnprintf_r
 .text.vsnprintf
                0x08001e00       0x1c x:/summer_2020/imt-online arm diploma/imt_arm_course/02- tools/03- imt sdk/imt_sdk_win_64/winarm/armgcc/bin/../lib/gcc/arm-none-eabi/7.2.1/../../../../arm-none-eabi/lib/thumb/v7-m\libg_nano.a(lib_a-vsnprintf.o)
                0x08001e00                vsniprintf
                0x08001e00                vsnprintf
 .text.__ssputs_r
                0x08001e1c       0xb4 x:/summer_2020/imt-online arm diploma/imt_arm_course/02- tools/03- imt sdk/imt_sdk_win_64/winarm/armgcc/bin/../lib/gcc/arm-none-eabi/7.2.1/../../../../arm-none-eabi/lib/thumb/v7-m\libg_nano.a(lib_a-nano-svfprintf.o)
                0x08001e1c                __ssputs_r
 .text._svfprintf_r
                0x08001ed0      0x1ec x:/summer_2020/imt-online arm diploma/imt_arm_course/02- tools/03- imt sdk/imt_sdk_win_64/winarm/armgcc/bin/../lib/gcc/arm-none-eabi/7.2.1/../../../../arm-none-eabi/lib/thumb/v7-m\libg_nano.a(lib_a-nano-svfprintf.o)
                0x08001ed0                _svfiprintf_r
                0x08001ed0                _svfprintf_r
 .text._printf_common
                0x080020bc       0xec x:/summer_2020/imt-online arm diploma/imt_arm_course/02- tools/03- imt sdk/imt_sdk_win_64/winarm/armgcc/bin/../lib/gcc/arm-none-eabi/7.2.1/../../../../arm-none-eabi/lib/thumb/v7-m\libg_nano.a(lib_a-nano-vfprintf_i.o)
                0x080020bc                _printf_common
 .text._printf_i
                0x080021a8      0x224 x:/summer_2020/imt-online arm diploma/imt_arm_course/02- tools/03- imt sdk/imt_sdk_win_64/winarm/armgcc/bin/../lib/gcc/arm-none-eabi/7.2.1/../../../../arm-none-eabi/lib/thumb/v7-m\libg_nano.a(lib_a-nano-vfprintf_i.o)
                0x080021a8                _printf_i
 .text.memchr   0x080023cc       0x1c x:/summer_2020/imt-online arm diploma/imt_arm_course/02- tools/03- imt sdk/imt_sdk_win_64/winarm/armgcc/bin/../lib/gcc/arm-none-eabi/7.2.1/../../../../arm-none-eabi/lib/thumb/v7-m\libg_nano.a(lib_a-memchr-stub.o)
                0x080023cc                memchr
 .text.memcpy   0x080023e8       0x16 x:/summer_2020/imt-online arm diploma/imt_arm_course/02- tools/03- imt sdk/imt_sdk_win_64/winarm/armgcc/bin/../lib/gcc/arm-none-eabi/7.2.1/../../../../arm-none-eabi/lib/thumb/v7-m\libg_nano.a(lib_a-memcpy-stub.o)
                0x080023e8                memcpy
 .text.memmove  0x080023fe       0x32 x:/summer_2020/imt-online arm diploma/imt_arm_course/02- tools/03- imt sdk/imt_sdk_win_64/winarm/armgcc/bin/../lib/gcc/arm-none-eabi/7.2.1/../../../../arm-none-eabi/lib/thumb/v7-m\libg_nano.a(lib_a-memmove.o)
                0x080023fe                memmove
 .text._free_r  0x08002430       0x98 x:/summer_2020/imt-online arm diploma/imt_arm_course/02- tools/03- imt sdk/imt_sdk_win_64/winarm/armgcc/bin/../lib/gcc/arm-none-eabi/7.2.1/../../../../arm-none-eabi/lib/thumb/v7-m\libg_nano.a(lib_a-nano-freer.o)
                0x08002430                _free_r
 .text._malloc_r
                0x080024c8       0xb4 x:/summer_2020/imt-online arm diploma/imt_arm_course/02- tools/03- imt sdk/imt_sdk_win_64/winarm/armgcc/bin/../lib/gcc/arm-none-eabi/7.2.1/../../../../arm-none-eabi/lib/thumb/v7-m\libg_nano.a(lib_a-nano-mallocr.o)
                0x080024c8                _malloc_r
 .text._realloc_r
                0x0800257c       0x4c x:/summer_2020/imt-online arm diploma/imt_arm_course/02- tools/03- imt sdk/imt_sdk_win_64/winarm/armgcc/bin/../lib/gcc/arm-none-eabi/7.2.1/../../../../arm-none-eabi/lib/thumb/v7-m\libg_nano.a(lib_a-nano-reallocr.o)
                0x0800257c                _realloc_r
 .text._sbrk_r  0x080025c8       0x20 x:/summer_2020/imt-online arm diploma/imt_arm_course/02- tools/03- imt sdk/imt_sdk_win_64/winarm/armgcc/bin/../lib/gcc/arm-none-eabi/7.2.1/../../../../arm-none-eabi/lib/thumb/v7-m\libg_nano.a(lib_a-sbrkr.o)
                0x080025c8                _sbrk_r
 .text.__malloc_lock
                0x080025e8        0x2 x:/summer_2020/imt-online arm diploma/imt_arm_course/02- tools/03- imt sdk/imt_sdk_win_64/winarm/armgcc/bin/../lib/gcc/arm-none-eabi/7.2.1/../../../../arm-none-eabi/lib/thumb/v7-m\libg_nano.a(lib_a-mlock.o)
                0x080025e8                __malloc_lock
 .text.__malloc_unlock
                0x080025ea        0x2 x:/summer_2020/imt-online arm diploma/imt_arm_course/02- tools/03- imt sdk/imt_sdk_win_64/winarm/armgcc/bin/../lib/gcc/arm-none-eabi/7.2.1/../../../../arm-none-eabi/lib/thumb/v7-m\libg_nano.a(lib_a-mlock.o)
                0x080025ea                __malloc_unlock
 .text._malloc_usable_size_r
                0x080025ec       0x10 x:/summer_2020/imt-online arm diploma/imt_arm_course/02- tools/03- imt sdk/imt_sdk_win_64/winarm/armgcc/bin/../lib/gcc/arm-none-eabi/7.2.1/../../../../arm-none-eabi/lib/thumb/v7-m\libg_nano.a(lib_a-nano-msizer.o)
                0x080025ec                _malloc_usable_size_r
 *(.rodata .rodata.* .constdata .constdata.*)
 .rodata.dumpExceptionStack.str1.4
                0x080025fc      0x11a ./system/src/cortexm/exception_handlers.o
 *fill*         0x08002716        0x2 
 .rodata.str1.4
                0x08002718       0x2a ./system/src/cortexm/exception_handlers.o
 *fill*         0x08002742        0x2 
 .rodata.DisplayGameOver.str1.4
                0x08002744        0xe ./src/SnakeGame_program.o
 *fill*         0x08002752        0x2 
 .rodata.DisplayPromptMessage.str1.4
                0x08002754       0x1b ./src/SnakeGame_program.o
 *fill*         0x0800276f        0x1 
 .rodata.DisplayWelcomeMessage.str1.4
                0x08002770        0xd ./src/SnakeGame_program.o
 *fill*         0x0800277d        0x3 
 .rodata.DrawTheField.str1.4
                0x08002780        0xf ./src/SnakeGame_program.o
 *fill*         0x0800278f        0x1 
 .rodata.PauseTheGame.str1.4
                0x08002790       0x30 ./src/SnakeGame_program.o
                                 0x2f (size before relaxing)
 .rodata.Font   0x080027c0      0x4fb ./src/TFT_program.o
 .rodata._svfprintf_r.str1.1
                0x08002cbb       0x11 x:/summer_2020/imt-online arm diploma/imt_arm_course/02- tools/03- imt sdk/imt_sdk_win_64/winarm/armgcc/bin/../lib/gcc/arm-none-eabi/7.2.1/../../../../arm-none-eabi/lib/thumb/v7-m\libg_nano.a(lib_a-nano-svfprintf.o)
 .rodata._printf_i.str1.1
                0x08002ccc       0x22 x:/summer_2020/imt-online arm diploma/imt_arm_course/02- tools/03- imt sdk/imt_sdk_win_64/winarm/armgcc/bin/../lib/gcc/arm-none-eabi/7.2.1/../../../../arm-none-eabi/lib/thumb/v7-m\libg_nano.a(lib_a-nano-vfprintf_i.o)
 *(vtable)
 *(.eh_frame*)
 *(.glue_7)
 .glue_7        0x08002cee        0x0 linker stubs
 *(.glue_7t)
 .glue_7t       0x08002cee        0x0 linker stubs

.vfp11_veneer   0x08002cf0        0x0
 .vfp11_veneer  0x08002cf0        0x0 linker stubs

.v4_bx          0x08002cf0        0x0
 .v4_bx         0x08002cf0        0x0 linker stubs

.iplt           0x08002cf0        0x0
 .iplt          0x08002cf0        0x0 ./system/src/newlib/_exit.o

.rel.dyn        0x08002cf0        0x0
 .rel.iplt      0x08002cf0        0x0 ./system/src/newlib/_exit.o

.ARM.extab
 *(.ARM.extab* .gnu.linkonce.armextab.*)
                0x08002cf0                . = ALIGN (0x4)
                0x08002cf0                __exidx_start = .

.ARM.exidx
 *(.ARM.exidx* .gnu.linkonce.armexidx.*)
                0x08002cf0                __exidx_end = .
                0x08002cf0                . = ALIGN (0x4)
                0x08002cf0                _etext = .
                0x08002cf0                __etext = .

.data_CCMRAM    0x00000000        0x0 load address 0x08002cf0
 FILL mask 0xff
 *(.data.CCMRAM .data.CCMRAM.*)
                0x00000000                . = ALIGN (0x4)
                0x08002cf0                _sidata = LOADADDR (.data)

.data           0x20000000       0x8c load address 0x08002cf0
 FILL mask 0xff
                0x20000000                _sdata = .
                0x20000000                __data_start__ = .
 *(.data_begin .data_begin.*)
 .data_begin    0x20000000        0x4 ./system/src/newlib/_startup.o
 *(.data .data.*)
 .data.argv.4310
                0x20000004        0x8 ./system/src/newlib/_syscalls.o
 .data.AHBPrescTable
                0x2000000c       0x10 ./system/src/cmsis/system_stm32f10x.o
                0x2000000c                AHBPrescTable
 .data.SystemCoreClock
                0x2000001c        0x4 ./system/src/cmsis/system_stm32f10x.o
                0x2000001c                SystemCoreClock
 .data.Global_u8XPOS_Fruit
                0x20000020        0x1 ./src/SnakeGame_program.o
                0x20000020                Global_u8XPOS_Fruit
 .data.Global_u8YPOS_Fruit
                0x20000021        0x1 ./src/SnakeGame_program.o
                0x20000021                Global_u8YPOS_Fruit
 *fill*         0x20000022        0x2 ff
 .data._impure_ptr
                0x20000024        0x4 x:/summer_2020/imt-online arm diploma/imt_arm_course/02- tools/03- imt sdk/imt_sdk_win_64/winarm/armgcc/bin/../lib/gcc/arm-none-eabi/7.2.1/../../../../arm-none-eabi/lib/thumb/v7-m\libg_nano.a(lib_a-impure.o)
                0x20000024                _impure_ptr
 .data.impure_data
                0x20000028       0x60 x:/summer_2020/imt-online arm diploma/imt_arm_course/02- tools/03- imt sdk/imt_sdk_win_64/winarm/armgcc/bin/../lib/gcc/arm-none-eabi/7.2.1/../../../../arm-none-eabi/lib/thumb/v7-m\libg_nano.a(lib_a-impure.o)
 *(.data_end .data_end.*)
 .data_end      0x20000088        0x4 ./system/src/newlib/_startup.o
                0x2000008c                . = ALIGN (0x4)
                0x2000008c                _edata = .
                0x2000008c                __data_end__ = .

.igot.plt       0x2000008c        0x0 load address 0x08002d7c
 .igot.plt      0x2000008c        0x0 ./system/src/newlib/_exit.o

.bss_CCMRAM     0x00000000        0x0
 *(.bss.CCMRAM .bss.CCMRAM.*)

.bss            0x2000008c      0x378
                0x2000008c                __bss_start__ = .
                0x2000008c                _sbss = .
 *(.bss_begin .bss_begin.*)
 .bss_begin     0x2000008c        0x4 ./system/src/newlib/_startup.o
 *(.bss .bss.*)
 .bss.current_heap_end.3961
                0x20000090        0x4 ./system/src/newlib/_sbrk.o
 .bss.name.4309
                0x20000094        0x1 ./system/src/newlib/_syscalls.o
 *fill*         0x20000095        0x3 
 .bss.buf.5205  0x20000098       0x80 ./system/src/diag/Trace.o
 .bss.EXTI_Callback
                0x20000118       0x40 ./src/EXTI_program.o
 .bss.ButtonWait.3728
                0x20000158        0x1 ./src/IR_NEC_program.o
 .bss.ButtonsIndex
                0x20000159        0x1 ./src/IR_NEC_program.o
 *fill*         0x2000015a        0x2 
 .bss.ButtonsPressed
                0x2000015c       0x64 ./src/IR_NEC_program.o
 .bss.Periods   0x200001c0       0x64 ./src/IR_NEC_program.o
 .bss.Position.3724
                0x20000224        0x1 ./src/IR_NEC_program.o
 .bss.ReceivedData
                0x20000225        0x1 ./src/IR_NEC_program.o
 .bss.Global_u8Interrupt_SW_Grouping
                0x20000226        0x1 ./src/SCB_program.o
                0x20000226                Global_u8Interrupt_SW_Grouping
 *fill*         0x20000227        0x1 
 .bss.SPI1_Callback
                0x20000228        0x4 ./src/SPI_program.o
 .bss.SPI2_Callback
                0x2000022c        0x4 ./src/SPI_program.o
 .bss.Local_u8Button.3859
                0x20000230        0x1 ./src/SnakeGame_program.o
 *fill*         0x20000231        0x3 
 .bss.b.3844    0x20000234        0x4 ./src/SnakeGame_program.o
 .bss.z1.3845   0x20000238        0x4 ./src/SnakeGame_program.o
 .bss.z2.3846   0x2000023c        0x4 ./src/SnakeGame_program.o
 .bss.z3.3847   0x20000240        0x4 ./src/SnakeGame_program.o
 .bss.z4.3848   0x20000244        0x4 ./src/SnakeGame_program.o
 .bss.Callback_Mode
                0x20000248        0x1 ./src/SysTick_program.o
 *fill*         0x20000249        0x3 
 .bss.SysTick_Callback
                0x2000024c        0x4 ./src/SysTick_program.o
 .bss.Systick_Timer_State
                0x20000250        0x1 ./src/SysTick_program.o
 .bss.Local_u8Dummy.3844
                0x20000251        0x1 ./src/TFT_program.o
 .bss.Local_u8Dummy.3848
                0x20000252        0x1 ./src/TFT_program.o
 *fill*         0x20000253        0x1 
 .bss.Local_u16RemainingTime.3743
                0x20000254        0x2 ./src/Timer2_5_program.o
 *fill*         0x20000256        0x2 
 .bss.TIMER2_Callback
                0x20000258        0x4 ./src/Timer2_5_program.o
 .bss.TIMER3_Callback
                0x2000025c        0x4 ./src/Timer2_5_program.o
 .bss.TIMER4_Callback
                0x20000260        0x4 ./src/Timer2_5_program.o
 .bss.__malloc_free_list
                0x20000264        0x4 x:/summer_2020/imt-online arm diploma/imt_arm_course/02- tools/03- imt sdk/imt_sdk_win_64/winarm/armgcc/bin/../lib/gcc/arm-none-eabi/7.2.1/../../../../arm-none-eabi/lib/thumb/v7-m\libg_nano.a(lib_a-nano-mallocr.o)
                0x20000264                __malloc_free_list
 .bss.__malloc_sbrk_start
                0x20000268        0x4 x:/summer_2020/imt-online arm diploma/imt_arm_course/02- tools/03- imt sdk/imt_sdk_win_64/winarm/armgcc/bin/../lib/gcc/arm-none-eabi/7.2.1/../../../../arm-none-eabi/lib/thumb/v7-m\libg_nano.a(lib_a-nano-mallocr.o)
                0x20000268                __malloc_sbrk_start
 *(COMMON)
 COMMON         0x2000026c        0x4 ./system/src/newlib/_syscalls.o
                0x2000026c                errno
 COMMON         0x20000270      0x190 ./src/SnakeGame_program.o
                0x20000270                Global_u8Points
                0x20000271                Global_u8Level
                0x20000272                Global_u8Status
                0x20000273                Global_u8SnakeLength
                0x20000274                Snake
 *(.bss_end .bss_end.*)
 .bss_end       0x20000400        0x4 ./system/src/newlib/_startup.o
                0x20000404                . = ALIGN (0x4)
                0x20000404                __bss_end__ = .
                0x20000404                _ebss = .

.noinit_CCMRAM
 *(.noinit.CCMRAM .noinit.CCMRAM.*)

.noinit         0x20000404        0x0
                0x20000404                _noinit = .
 *(.noinit .noinit.*)
                0x20000404                . = ALIGN (0x4)
                0x20000404                _end_noinit = .
                [!provide]                PROVIDE (end, _end_noinit)
                [!provide]                PROVIDE (_end, _end_noinit)
                [!provide]                PROVIDE (__end, _end_noinit)
                [!provide]                PROVIDE (__end__, _end_noinit)

._check_stack   0x20000404      0x100
                0x20000504                . = (. + _Minimum_Stack_Size)
 *fill*         0x20000404      0x100 

.b1text
 *(.b1text)
 *(.b1rodata)
 *(.b1rodata.*)

.eb0text
 *(.eb0text)
 *(.eb0rodata)
 *(.eb0rodata.*)

.eb1text
 *(.eb1text)
 *(.eb1rodata)
 *(.eb1rodata.*)

.eb2text
 *(.eb2text)
 *(.eb2rodata)
 *(.eb2rodata.*)

.eb3text
 *(.eb3text)
 *(.eb3rodata)
 *(.eb3rodata.*)

.stab
 *(.stab)

.stabstr
 *(.stabstr)

.stab.excl
 *(.stab.excl)

.stab.exclstr
 *(.stab.exclstr)

.stab.index
 *(.stab.index)

.stab.indexstr
 *(.stab.indexstr)

.comment        0x00000000       0x7e
 *(.comment)
 .comment       0x00000000       0x7e ./system/src/newlib/_exit.o
                                 0x7f (size before relaxing)
 .comment       0x0000007e       0x7f ./system/src/newlib/_sbrk.o
 .comment       0x0000007e       0x7f ./system/src/newlib/_startup.o
 .comment       0x0000007e       0x7f ./system/src/newlib/_syscalls.o
 .comment       0x0000007e       0x7f ./system/src/diag/Trace.o
 .comment       0x0000007e       0x7f ./system/src/diag/trace_impl.o
 .comment       0x0000007e       0x7f ./system/src/cortexm/_initialize_hardware.o
 .comment       0x0000007e       0x7f ./system/src/cortexm/exception_handlers.o
 .comment       0x0000007e       0x7f ./system/src/cmsis/system_stm32f10x.o
 .comment       0x0000007e       0x7f ./system/src/cmsis/vectors_stm32f10x.o
 .comment       0x0000007e       0x7f ./src/AFIO_program.o
 .comment       0x0000007e       0x7f ./src/EXTI_program.o
 .comment       0x0000007e       0x7f ./src/GPIO_program.o
 .comment       0x0000007e       0x7f ./src/IR_NEC_program.o
 .comment       0x0000007e       0x7f ./src/NVIC_program.o
 .comment       0x0000007e       0x7f ./src/RCC_program.o
 .comment       0x0000007e       0x7f ./src/SCB_program.o
 .comment       0x0000007e       0x7f ./src/SPI_program.o
 .comment       0x0000007e       0x7f ./src/SnakeGame_program.o
 .comment       0x0000007e       0x7f ./src/SysTick_program.o
 .comment       0x0000007e       0x7f ./src/TFT_program.o
 .comment       0x0000007e       0x7f ./src/Timer2_5_program.o
 .comment       0x0000007e       0x7f ./src/main.o

.ARM.attributes
                0x00000000       0x31
 .ARM.attributes
                0x00000000       0x33 ./system/src/newlib/_exit.o
 .ARM.attributes
                0x00000033       0x33 ./system/src/newlib/_sbrk.o
 .ARM.attributes
                0x00000066       0x33 ./system/src/newlib/_startup.o
 .ARM.attributes
                0x00000099       0x33 ./system/src/newlib/_syscalls.o
 .ARM.attributes
                0x000000cc       0x33 ./system/src/diag/Trace.o
 .ARM.attributes
                0x000000ff       0x33 ./system/src/diag/trace_impl.o
 .ARM.attributes
                0x00000132       0x33 ./system/src/cortexm/_initialize_hardware.o
 .ARM.attributes
                0x00000165       0x33 ./system/src/cortexm/exception_handlers.o
 .ARM.attributes
                0x00000198       0x33 ./system/src/cmsis/system_stm32f10x.o
 .ARM.attributes
                0x000001cb       0x33 ./system/src/cmsis/vectors_stm32f10x.o
 .ARM.attributes
                0x000001fe       0x33 ./src/AFIO_program.o
 .ARM.attributes
                0x00000231       0x33 ./src/EXTI_program.o
 .ARM.attributes
                0x00000264       0x33 ./src/GPIO_program.o
 .ARM.attributes
                0x00000297       0x33 ./src/IR_NEC_program.o
 .ARM.attributes
                0x000002ca       0x33 ./src/NVIC_program.o
 .ARM.attributes
                0x000002fd       0x33 ./src/RCC_program.o
 .ARM.attributes
                0x00000330       0x33 ./src/SCB_program.o
 .ARM.attributes
                0x00000363       0x33 ./src/SPI_program.o
 .ARM.attributes
                0x00000396       0x33 ./src/SnakeGame_program.o
 .ARM.attributes
                0x000003c9       0x33 ./src/SysTick_program.o
 .ARM.attributes
                0x000003fc       0x33 ./src/TFT_program.o
 .ARM.attributes
                0x0000042f       0x33 ./src/Timer2_5_program.o
 .ARM.attributes
                0x00000462       0x33 ./src/main.o
 .ARM.attributes
                0x00000495       0x2d x:/summer_2020/imt-online arm diploma/imt_arm_course/02- tools/03- imt sdk/imt_sdk_win_64/winarm/armgcc/bin/../lib/gcc/arm-none-eabi/7.2.1/../../../../arm-none-eabi/lib/thumb/v7-m\libg_nano.a(lib_a-errno.o)
 .ARM.attributes
                0x000004c2       0x2d x:/summer_2020/imt-online arm diploma/imt_arm_course/02- tools/03- imt sdk/imt_sdk_win_64/winarm/armgcc/bin/../lib/gcc/arm-none-eabi/7.2.1/../../../../arm-none-eabi/lib/thumb/v7-m\libg_nano.a(lib_a-impure.o)
 .ARM.attributes
                0x000004ef       0x2d x:/summer_2020/imt-online arm diploma/imt_arm_course/02- tools/03- imt sdk/imt_sdk_win_64/winarm/armgcc/bin/../lib/gcc/arm-none-eabi/7.2.1/../../../../arm-none-eabi/lib/thumb/v7-m\libg_nano.a(lib_a-vsnprintf.o)
 .ARM.attributes
                0x0000051c       0x2d x:/summer_2020/imt-online arm diploma/imt_arm_course/02- tools/03- imt sdk/imt_sdk_win_64/winarm/armgcc/bin/../lib/gcc/arm-none-eabi/7.2.1/../../../../arm-none-eabi/lib/thumb/v7-m\libg_nano.a(lib_a-nano-svfprintf.o)
 .ARM.attributes
                0x00000549       0x2d x:/summer_2020/imt-online arm diploma/imt_arm_course/02- tools/03- imt sdk/imt_sdk_win_64/winarm/armgcc/bin/../lib/gcc/arm-none-eabi/7.2.1/../../../../arm-none-eabi/lib/thumb/v7-m\libg_nano.a(lib_a-nano-vfprintf_i.o)
 .ARM.attributes
                0x00000576       0x2d x:/summer_2020/imt-online arm diploma/imt_arm_course/02- tools/03- imt sdk/imt_sdk_win_64/winarm/armgcc/bin/../lib/gcc/arm-none-eabi/7.2.1/../../../../arm-none-eabi/lib/thumb/v7-m\libg_nano.a(lib_a-memchr-stub.o)
 .ARM.attributes
                0x000005a3       0x2d x:/summer_2020/imt-online arm diploma/imt_arm_course/02- tools/03- imt sdk/imt_sdk_win_64/winarm/armgcc/bin/../lib/gcc/arm-none-eabi/7.2.1/../../../../arm-none-eabi/lib/thumb/v7-m\libg_nano.a(lib_a-memcpy-stub.o)
 .ARM.attributes
                0x000005d0       0x2d x:/summer_2020/imt-online arm diploma/imt_arm_course/02- tools/03- imt sdk/imt_sdk_win_64/winarm/armgcc/bin/../lib/gcc/arm-none-eabi/7.2.1/../../../../arm-none-eabi/lib/thumb/v7-m\libg_nano.a(lib_a-memmove.o)
 .ARM.attributes
                0x000005fd       0x2d x:/summer_2020/imt-online arm diploma/imt_arm_course/02- tools/03- imt sdk/imt_sdk_win_64/winarm/armgcc/bin/../lib/gcc/arm-none-eabi/7.2.1/../../../../arm-none-eabi/lib/thumb/v7-m\libg_nano.a(lib_a-nano-freer.o)
 .ARM.attributes
                0x0000062a       0x2d x:/summer_2020/imt-online arm diploma/imt_arm_course/02- tools/03- imt sdk/imt_sdk_win_64/winarm/armgcc/bin/../lib/gcc/arm-none-eabi/7.2.1/../../../../arm-none-eabi/lib/thumb/v7-m\libg_nano.a(lib_a-nano-mallocr.o)
 .ARM.attributes
                0x00000657       0x2d x:/summer_2020/imt-online arm diploma/imt_arm_course/02- tools/03- imt sdk/imt_sdk_win_64/winarm/armgcc/bin/../lib/gcc/arm-none-eabi/7.2.1/../../../../arm-none-eabi/lib/thumb/v7-m\libg_nano.a(lib_a-nano-reallocr.o)
 .ARM.attributes
                0x00000684       0x2d x:/summer_2020/imt-online arm diploma/imt_arm_course/02- tools/03- imt sdk/imt_sdk_win_64/winarm/armgcc/bin/../lib/gcc/arm-none-eabi/7.2.1/../../../../arm-none-eabi/lib/thumb/v7-m\libg_nano.a(lib_a-sbrkr.o)
 .ARM.attributes
                0x000006b1       0x2d x:/summer_2020/imt-online arm diploma/imt_arm_course/02- tools/03- imt sdk/imt_sdk_win_64/winarm/armgcc/bin/../lib/gcc/arm-none-eabi/7.2.1/../../../../arm-none-eabi/lib/thumb/v7-m\libg_nano.a(lib_a-mlock.o)
 .ARM.attributes
                0x000006de       0x2d x:/summer_2020/imt-online arm diploma/imt_arm_course/02- tools/03- imt sdk/imt_sdk_win_64/winarm/armgcc/bin/../lib/gcc/arm-none-eabi/7.2.1/../../../../arm-none-eabi/lib/thumb/v7-m\libg_nano.a(lib_a-nano-msizer.o)

.debug
 *(.debug)

.line
 *(.line)

.debug_srcinfo
 *(.debug_srcinfo)

.debug_sfnames
 *(.debug_sfnames)

.debug_aranges  0x00000000      0x6f0
 *(.debug_aranges)
 .debug_aranges
                0x00000000       0x28 ./system/src/newlib/_exit.o
 .debug_aranges
                0x00000028       0x20 ./system/src/newlib/_sbrk.o
 .debug_aranges
                0x00000048       0x40 ./system/src/newlib/_startup.o
 .debug_aranges
                0x00000088       0x30 ./system/src/newlib/_syscalls.o
 .debug_aranges
                0x000000b8       0x38 ./system/src/diag/Trace.o
 .debug_aranges
                0x000000f0       0x30 ./system/src/diag/trace_impl.o
 .debug_aranges
                0x00000120       0x28 ./system/src/cortexm/_initialize_hardware.o
 .debug_aranges
                0x00000148       0x90 ./system/src/cortexm/exception_handlers.o
 .debug_aranges
                0x000001d8       0x38 ./system/src/cmsis/system_stm32f10x.o
 .debug_aranges
                0x00000210       0x20 ./system/src/cmsis/vectors_stm32f10x.o
 .debug_aranges
                0x00000230       0x20 ./src/AFIO_program.o
 .debug_aranges
                0x00000250       0x88 ./src/EXTI_program.o
 .debug_aranges
                0x000002d8       0x40 ./src/GPIO_program.o
 .debug_aranges
                0x00000318       0x38 ./src/IR_NEC_program.o
 .debug_aranges
                0x00000350       0x48 ./src/NVIC_program.o
 .debug_aranges
                0x00000398       0x30 ./src/RCC_program.o
 .debug_aranges
                0x000003c8       0x20 ./src/SCB_program.o
 .debug_aranges
                0x000003e8       0x58 ./src/SPI_program.o
 .debug_aranges
                0x00000440       0xd8 ./src/SnakeGame_program.o
 .debug_aranges
                0x00000518       0x70 ./src/SysTick_program.o
 .debug_aranges
                0x00000588       0x78 ./src/TFT_program.o
 .debug_aranges
                0x00000600       0xd0 ./src/Timer2_5_program.o
 .debug_aranges
                0x000006d0       0x20 ./src/main.o

.debug_pubnames
 *(.debug_pubnames)

.debug_info     0x00000000     0x7a16
 *(.debug_info .gnu.linkonce.wi.*)
 .debug_info    0x00000000      0x956 ./system/src/newlib/_exit.o
 .debug_info    0x00000956      0x942 ./system/src/newlib/_sbrk.o
 .debug_info    0x00001298      0x42e ./system/src/newlib/_startup.o
 .debug_info    0x000016c6      0xa19 ./system/src/newlib/_syscalls.o
 .debug_info    0x000020df      0xb2a ./system/src/diag/Trace.o
 .debug_info    0x00002c09      0x363 ./system/src/diag/trace_impl.o
 .debug_info    0x00002f6c      0x2b5 ./system/src/cortexm/_initialize_hardware.o
 .debug_info    0x00003221     0x1140 ./system/src/cortexm/exception_handlers.o
 .debug_info    0x00004361      0x494 ./system/src/cmsis/system_stm32f10x.o
 .debug_info    0x000047f5       0xca ./system/src/cmsis/vectors_stm32f10x.o
 .debug_info    0x000048bf      0x124 ./src/AFIO_program.o
 .debug_info    0x000049e3      0x360 ./src/EXTI_program.o
 .debug_info    0x00004d43      0x1ae ./src/GPIO_program.o
 .debug_info    0x00004ef1      0x2d2 ./src/IR_NEC_program.o
 .debug_info    0x000051c3      0x17f ./src/NVIC_program.o
 .debug_info    0x00005342       0xe2 ./src/RCC_program.o
 .debug_info    0x00005424       0xa0 ./src/SCB_program.o
 .debug_info    0x000054c4      0x310 ./src/SPI_program.o
 .debug_info    0x000057d4      0xd74 ./src/SnakeGame_program.o
 .debug_info    0x00006548      0x249 ./src/SysTick_program.o
 .debug_info    0x00006791      0xcc1 ./src/TFT_program.o
 .debug_info    0x00007452      0x48d ./src/Timer2_5_program.o
 .debug_info    0x000078df      0x137 ./src/main.o

.debug_abbrev   0x00000000     0x1f6d
 *(.debug_abbrev)
 .debug_abbrev  0x00000000      0x1f3 ./system/src/newlib/_exit.o
 .debug_abbrev  0x000001f3      0x1fc ./system/src/newlib/_sbrk.o
 .debug_abbrev  0x000003ef      0x1b3 ./system/src/newlib/_startup.o
 .debug_abbrev  0x000005a2      0x234 ./system/src/newlib/_syscalls.o
 .debug_abbrev  0x000007d6      0x276 ./system/src/diag/Trace.o
 .debug_abbrev  0x00000a4c      0x1e2 ./system/src/diag/trace_impl.o
 .debug_abbrev  0x00000c2e       0xea ./system/src/cortexm/_initialize_hardware.o
 .debug_abbrev  0x00000d18      0x32b ./system/src/cortexm/exception_handlers.o
 .debug_abbrev  0x00001043      0x177 ./system/src/cmsis/system_stm32f10x.o
 .debug_abbrev  0x000011ba       0x9d ./system/src/cmsis/vectors_stm32f10x.o
 .debug_abbrev  0x00001257       0xbf ./src/AFIO_program.o
 .debug_abbrev  0x00001316      0x17b ./src/EXTI_program.o
 .debug_abbrev  0x00001491       0xba ./src/GPIO_program.o
 .debug_abbrev  0x0000154b       0xf0 ./src/IR_NEC_program.o
 .debug_abbrev  0x0000163b       0xac ./src/NVIC_program.o
 .debug_abbrev  0x000016e7       0x70 ./src/RCC_program.o
 .debug_abbrev  0x00001757       0x6e ./src/SCB_program.o
 .debug_abbrev  0x000017c5      0x133 ./src/SPI_program.o
 .debug_abbrev  0x000018f8      0x1ee ./src/SnakeGame_program.o
 .debug_abbrev  0x00001ae6      0x133 ./src/SysTick_program.o
 .debug_abbrev  0x00001c19      0x159 ./src/TFT_program.o
 .debug_abbrev  0x00001d72      0x17d ./src/Timer2_5_program.o
 .debug_abbrev  0x00001eef       0x7e ./src/main.o

.debug_line     0x00000000     0x4224
 *(.debug_line)
 .debug_line    0x00000000      0x417 ./system/src/newlib/_exit.o
 .debug_line    0x00000417      0x3cb ./system/src/newlib/_sbrk.o
 .debug_line    0x000007e2      0x485 ./system/src/newlib/_startup.o
 .debug_line    0x00000c67      0x513 ./system/src/newlib/_syscalls.o
 .debug_line    0x0000117a      0x493 ./system/src/diag/Trace.o
 .debug_line    0x0000160d      0x700 ./system/src/diag/trace_impl.o
 .debug_line    0x00001d0d      0x3a6 ./system/src/cortexm/_initialize_hardware.o
 .debug_line    0x000020b3      0x7c2 ./system/src/cortexm/exception_handlers.o
 .debug_line    0x00002875      0x419 ./system/src/cmsis/system_stm32f10x.o
 .debug_line    0x00002c8e      0x132 ./system/src/cmsis/vectors_stm32f10x.o
 .debug_line    0x00002dc0       0xaa ./src/AFIO_program.o
 .debug_line    0x00002e6a      0x1bf ./src/EXTI_program.o
 .debug_line    0x00003029      0x14d ./src/GPIO_program.o
 .debug_line    0x00003176      0x184 ./src/IR_NEC_program.o
 .debug_line    0x000032fa      0x11d ./src/NVIC_program.o
 .debug_line    0x00003417       0xd7 ./src/RCC_program.o
 .debug_line    0x000034ee       0xa3 ./src/SCB_program.o
 .debug_line    0x00003591      0x15b ./src/SPI_program.o
 .debug_line    0x000036ec      0x3f0 ./src/SnakeGame_program.o
 .debug_line    0x00003adc      0x17c ./src/SysTick_program.o
 .debug_line    0x00003c58      0x2b2 ./src/TFT_program.o
 .debug_line    0x00003f0a      0x280 ./src/Timer2_5_program.o
 .debug_line    0x0000418a       0x9a ./src/main.o

.debug_frame    0x00000000     0x11d4
 *(.debug_frame)
 .debug_frame   0x00000000       0x38 ./system/src/newlib/_exit.o
 .debug_frame   0x00000038       0x28 ./system/src/newlib/_sbrk.o
 .debug_frame   0x00000060       0x7c ./system/src/newlib/_startup.o
 .debug_frame   0x000000dc       0x50 ./system/src/newlib/_syscalls.o
 .debug_frame   0x0000012c       0x94 ./system/src/diag/Trace.o
 .debug_frame   0x000001c0       0x64 ./system/src/diag/trace_impl.o
 .debug_frame   0x00000224       0x40 ./system/src/cortexm/_initialize_hardware.o
 .debug_frame   0x00000264      0x158 ./system/src/cortexm/exception_handlers.o
 .debug_frame   0x000003bc       0x6c ./system/src/cmsis/system_stm32f10x.o
 .debug_frame   0x00000428       0x20 ./system/src/cmsis/vectors_stm32f10x.o
 .debug_frame   0x00000448       0x2c ./src/AFIO_program.o
 .debug_frame   0x00000474      0x128 ./src/EXTI_program.o
 .debug_frame   0x0000059c       0x6c ./src/GPIO_program.o
 .debug_frame   0x00000608       0x70 ./src/IR_NEC_program.o
 .debug_frame   0x00000678       0x7c ./src/NVIC_program.o
 .debug_frame   0x000006f4       0x40 ./src/RCC_program.o
 .debug_frame   0x00000734       0x20 ./src/SCB_program.o
 .debug_frame   0x00000754       0xbc ./src/SPI_program.o
 .debug_frame   0x00000810      0x2c0 ./src/SnakeGame_program.o
 .debug_frame   0x00000ad0       0xd8 ./src/SysTick_program.o
 .debug_frame   0x00000ba8      0x17c ./src/TFT_program.o
 .debug_frame   0x00000d24      0x198 ./src/Timer2_5_program.o
 .debug_frame   0x00000ebc       0x28 ./src/main.o
 .debug_frame   0x00000ee4       0x20 x:/summer_2020/imt-online arm diploma/imt_arm_course/02- tools/03- imt sdk/imt_sdk_win_64/winarm/armgcc/bin/../lib/gcc/arm-none-eabi/7.2.1/../../../../arm-none-eabi/lib/thumb/v7-m\libg_nano.a(lib_a-errno.o)
 .debug_frame   0x00000f04       0x4c x:/summer_2020/imt-online arm diploma/imt_arm_course/02- tools/03- imt sdk/imt_sdk_win_64/winarm/armgcc/bin/../lib/gcc/arm-none-eabi/7.2.1/../../../../arm-none-eabi/lib/thumb/v7-m\libg_nano.a(lib_a-vsnprintf.o)
 .debug_frame   0x00000f50       0x90 x:/summer_2020/imt-online arm diploma/imt_arm_course/02- tools/03- imt sdk/imt_sdk_win_64/winarm/armgcc/bin/../lib/gcc/arm-none-eabi/7.2.1/../../../../arm-none-eabi/lib/thumb/v7-m\libg_nano.a(lib_a-nano-svfprintf.o)
 .debug_frame   0x00000fe0       0x60 x:/summer_2020/imt-online arm diploma/imt_arm_course/02- tools/03- imt sdk/imt_sdk_win_64/winarm/armgcc/bin/../lib/gcc/arm-none-eabi/7.2.1/../../../../arm-none-eabi/lib/thumb/v7-m\libg_nano.a(lib_a-nano-vfprintf_i.o)
 .debug_frame   0x00001040       0x28 x:/summer_2020/imt-online arm diploma/imt_arm_course/02- tools/03- imt sdk/imt_sdk_win_64/winarm/armgcc/bin/../lib/gcc/arm-none-eabi/7.2.1/../../../../arm-none-eabi/lib/thumb/v7-m\libg_nano.a(lib_a-memchr-stub.o)
 .debug_frame   0x00001068       0x28 x:/summer_2020/imt-online arm diploma/imt_arm_course/02- tools/03- imt sdk/imt_sdk_win_64/winarm/armgcc/bin/../lib/gcc/arm-none-eabi/7.2.1/../../../../arm-none-eabi/lib/thumb/v7-m\libg_nano.a(lib_a-memcpy-stub.o)
 .debug_frame   0x00001090       0x28 x:/summer_2020/imt-online arm diploma/imt_arm_course/02- tools/03- imt sdk/imt_sdk_win_64/winarm/armgcc/bin/../lib/gcc/arm-none-eabi/7.2.1/../../../../arm-none-eabi/lib/thumb/v7-m\libg_nano.a(lib_a-memmove.o)
 .debug_frame   0x000010b8       0x38 x:/summer_2020/imt-online arm diploma/imt_arm_course/02- tools/03- imt sdk/imt_sdk_win_64/winarm/armgcc/bin/../lib/gcc/arm-none-eabi/7.2.1/../../../../arm-none-eabi/lib/thumb/v7-m\libg_nano.a(lib_a-nano-freer.o)
 .debug_frame   0x000010f0       0x2c x:/summer_2020/imt-online arm diploma/imt_arm_course/02- tools/03- imt sdk/imt_sdk_win_64/winarm/armgcc/bin/../lib/gcc/arm-none-eabi/7.2.1/../../../../arm-none-eabi/lib/thumb/v7-m\libg_nano.a(lib_a-nano-mallocr.o)
 .debug_frame   0x0000111c       0x3c x:/summer_2020/imt-online arm diploma/imt_arm_course/02- tools/03- imt sdk/imt_sdk_win_64/winarm/armgcc/bin/../lib/gcc/arm-none-eabi/7.2.1/../../../../arm-none-eabi/lib/thumb/v7-m\libg_nano.a(lib_a-nano-reallocr.o)
 .debug_frame   0x00001158       0x2c x:/summer_2020/imt-online arm diploma/imt_arm_course/02- tools/03- imt sdk/imt_sdk_win_64/winarm/armgcc/bin/../lib/gcc/arm-none-eabi/7.2.1/../../../../arm-none-eabi/lib/thumb/v7-m\libg_nano.a(lib_a-sbrkr.o)
 .debug_frame   0x00001184       0x30 x:/summer_2020/imt-online arm diploma/imt_arm_course/02- tools/03- imt sdk/imt_sdk_win_64/winarm/armgcc/bin/../lib/gcc/arm-none-eabi/7.2.1/../../../../arm-none-eabi/lib/thumb/v7-m\libg_nano.a(lib_a-mlock.o)
 .debug_frame   0x000011b4       0x20 x:/summer_2020/imt-online arm diploma/imt_arm_course/02- tools/03- imt sdk/imt_sdk_win_64/winarm/armgcc/bin/../lib/gcc/arm-none-eabi/7.2.1/../../../../arm-none-eabi/lib/thumb/v7-m\libg_nano.a(lib_a-nano-msizer.o)

.debug_str      0x00000000    0x5a2f9
 *(.debug_str)
 .debug_str     0x00000000     0x7d30 ./system/src/newlib/_exit.o
                               0x7f03 (size before relaxing)
 .debug_str     0x00007d30      0x4f5 ./system/src/newlib/_sbrk.o
                               0x72b5 (size before relaxing)
 .debug_str     0x00008225      0xbbd ./system/src/newlib/_startup.o
                               0x69f0 (size before relaxing)
 .debug_str     0x00008de2      0xe8b ./system/src/newlib/_syscalls.o
                               0x8190 (size before relaxing)
 .debug_str     0x00009c6d      0x826 ./system/src/diag/Trace.o
                               0x867b (size before relaxing)
 .debug_str     0x0000a493    0x4b2b9 ./system/src/diag/trace_impl.o
                              0x52a61 (size before relaxing)
 .debug_str     0x0005574c       0xc4 ./system/src/cortexm/_initialize_hardware.o
                              0x4e852 (size before relaxing)
 .debug_str     0x00055810      0x1a6 ./system/src/cortexm/exception_handlers.o
                              0x53c86 (size before relaxing)
 .debug_str     0x000559b6      0x10f ./system/src/cmsis/system_stm32f10x.o
                              0x4e8ec (size before relaxing)
 .debug_str     0x00055ac5       0x57 ./system/src/cmsis/vectors_stm32f10x.o
                               0x3891 (size before relaxing)
 .debug_str     0x00055b1c      0x3a3 ./src/AFIO_program.o
                               0x313f (size before relaxing)
 .debug_str     0x00055ebf      0x393 ./src/EXTI_program.o
                               0x334f (size before relaxing)
 .debug_str     0x00056252      0x7c3 ./src/GPIO_program.o
                               0x3601 (size before relaxing)
 .debug_str     0x00056a15      0xfac ./src/IR_NEC_program.o
                               0x4547 (size before relaxing)
 .debug_str     0x000579c1      0x304 ./src/NVIC_program.o
                               0x3b5a (size before relaxing)
 .debug_str     0x00057cc5      0x864 ./src/RCC_program.o
                               0x36a2 (size before relaxing)
 .debug_str     0x00058529      0x17a ./src/SCB_program.o
                               0x2fd7 (size before relaxing)
 .debug_str     0x000586a3      0x5e7 ./src/SPI_program.o
                               0x37a4 (size before relaxing)
 .debug_str     0x00058c8a      0xb6a ./src/SnakeGame_program.o
                               0x47e1 (size before relaxing)
 .debug_str     0x000597f4      0x293 ./src/SysTick_program.o
                               0x314b (size before relaxing)
 .debug_str     0x00059a87      0x43a ./src/TFT_program.o
                               0x381a (size before relaxing)
 .debug_str     0x00059ec1      0x42a ./src/Timer2_5_program.o
                               0x332b (size before relaxing)
 .debug_str     0x0005a2eb        0xe ./src/main.o
                               0x34a8 (size before relaxing)

.debug_loc      0x00000000     0x18f8
 *(.debug_loc)
 .debug_loc     0x00000000       0x85 ./system/src/newlib/_sbrk.o
 .debug_loc     0x00000085      0x1a9 ./system/src/newlib/_startup.o
 .debug_loc     0x0000022e       0x63 ./system/src/newlib/_syscalls.o
 .debug_loc     0x00000291       0xf6 ./system/src/diag/Trace.o
 .debug_loc     0x00000387      0x121 ./system/src/diag/trace_impl.o
 .debug_loc     0x000004a8      0x291 ./system/src/cortexm/exception_handlers.o
 .debug_loc     0x00000739       0xdf ./system/src/cmsis/system_stm32f10x.o
 .debug_loc     0x00000818       0x5f ./src/AFIO_program.o
 .debug_loc     0x00000877       0xf9 ./src/EXTI_program.o
 .debug_loc     0x00000970      0x441 ./src/GPIO_program.o
 .debug_loc     0x00000db1       0x31 ./src/IR_NEC_program.o
 .debug_loc     0x00000de2      0x20c ./src/NVIC_program.o
 .debug_loc     0x00000fee      0x14c ./src/RCC_program.o
 .debug_loc     0x0000113a       0x3d ./src/SCB_program.o
 .debug_loc     0x00001177       0x9e ./src/SPI_program.o
 .debug_loc     0x00001215       0xe0 ./src/SnakeGame_program.o
 .debug_loc     0x000012f5       0x84 ./src/SysTick_program.o
 .debug_loc     0x00001379      0x53d ./src/TFT_program.o
 .debug_loc     0x000018b6       0x42 ./src/Timer2_5_program.o

.debug_macinfo
 *(.debug_macinfo)

.debug_weaknames
 *(.debug_weaknames)

.debug_funcnames
 *(.debug_funcnames)

.debug_typenames
 *(.debug_typenames)

.debug_varnames
 *(.debug_varnames)
OUTPUT(SnakeGame_OnTFT_RemotelyControlled.elf elf32-littlearm)

.debug_ranges   0x00000000      0x6a0
 .debug_ranges  0x00000000       0x18 ./system/src/newlib/_exit.o
 .debug_ranges  0x00000018       0x10 ./system/src/newlib/_sbrk.o
 .debug_ranges  0x00000028       0x78 ./system/src/newlib/_startup.o
 .debug_ranges  0x000000a0       0x20 ./system/src/newlib/_syscalls.o
 .debug_ranges  0x000000c0       0x28 ./system/src/diag/Trace.o
 .debug_ranges  0x000000e8       0x50 ./system/src/diag/trace_impl.o
 .debug_ranges  0x00000138       0x18 ./system/src/cortexm/_initialize_hardware.o
 .debug_ranges  0x00000150       0x80 ./system/src/cortexm/exception_handlers.o
 .debug_ranges  0x000001d0       0x28 ./system/src/cmsis/system_stm32f10x.o
 .debug_ranges  0x000001f8       0x10 ./system/src/cmsis/vectors_stm32f10x.o
 .debug_ranges  0x00000208       0x10 ./src/AFIO_program.o
 .debug_ranges  0x00000218       0x78 ./src/EXTI_program.o
 .debug_ranges  0x00000290       0x30 ./src/GPIO_program.o
 .debug_ranges  0x000002c0       0x28 ./src/IR_NEC_program.o
 .debug_ranges  0x000002e8       0x38 ./src/NVIC_program.o
 .debug_ranges  0x00000320       0x20 ./src/RCC_program.o
 .debug_ranges  0x00000340       0x10 ./src/SCB_program.o
 .debug_ranges  0x00000350       0x48 ./src/SPI_program.o
 .debug_ranges  0x00000398       0xf8 ./src/SnakeGame_program.o
 .debug_ranges  0x00000490       0x60 ./src/SysTick_program.o
 .debug_ranges  0x000004f0       0xe0 ./src/TFT_program.o
 .debug_ranges  0x000005d0       0xc0 ./src/Timer2_5_program.o
 .debug_ranges  0x00000690       0x10 ./src/main.o

.debug_macro    0x00000000     0x36cf
 .debug_macro   0x00000000      0x1b4 ./system/src/newlib/_exit.o
 .debug_macro   0x000001b4       0x9c ./system/src/newlib/_exit.o
 .debug_macro   0x00000250      0x10e ./system/src/newlib/_exit.o
 .debug_macro   0x0000035e       0x8d ./system/src/newlib/_exit.o
 .debug_macro   0x000003eb       0x43 ./system/src/newlib/_exit.o
 .debug_macro   0x0000042e      0x330 ./system/src/newlib/_exit.o
 .debug_macro   0x0000075e       0x35 ./system/src/newlib/_exit.o
 .debug_macro   0x00000793      0x169 ./system/src/newlib/_sbrk.o
 .debug_macro   0x000008fc      0x174 ./system/src/newlib/_sbrk.o
 .debug_macro   0x00000a70       0x10 ./system/src/newlib/_sbrk.o
 .debug_macro   0x00000a80      0x23b ./system/src/newlib/_sbrk.o
 .debug_macro   0x00000cbb      0x173 ./system/src/newlib/_startup.o
 .debug_macro   0x00000e2e      0x217 ./system/src/newlib/_syscalls.o
 .debug_macro   0x00001045       0x1c ./system/src/newlib/_syscalls.o
 .debug_macro   0x00001061       0x10 ./system/src/newlib/_syscalls.o
 .debug_macro   0x00001071       0x10 ./system/src/newlib/_syscalls.o
 .debug_macro   0x00001081       0x10 ./system/src/newlib/_syscalls.o
 .debug_macro   0x00001091       0x35 ./system/src/newlib/_syscalls.o
 .debug_macro   0x000010c6      0x122 ./system/src/newlib/_syscalls.o
 .debug_macro   0x000011e8       0x88 ./system/src/newlib/_syscalls.o
 .debug_macro   0x00001270       0x2b ./system/src/newlib/_syscalls.o
 .debug_macro   0x0000129b      0x118 ./system/src/newlib/_syscalls.o
 .debug_macro   0x000013b3      0x189 ./system/src/newlib/_syscalls.o
 .debug_macro   0x0000153c       0x16 ./system/src/newlib/_syscalls.o
 .debug_macro   0x00001552      0x1fb ./system/src/diag/Trace.o
 .debug_macro   0x0000174d       0x16 ./system/src/diag/Trace.o
 .debug_macro   0x00001763       0x97 ./system/src/diag/Trace.o
 .debug_macro   0x000017fa       0xfd ./system/src/diag/Trace.o
 .debug_macro   0x000018f7       0x10 ./system/src/diag/Trace.o
 .debug_macro   0x00001907       0x16 ./system/src/diag/Trace.o
 .debug_macro   0x0000191d      0x16f ./system/src/diag/Trace.o
 .debug_macro   0x00001a8c       0x4c ./system/src/diag/Trace.o
 .debug_macro   0x00001ad8       0x16 ./system/src/diag/Trace.o
 .debug_macro   0x00001aee      0x2da ./system/src/diag/trace_impl.o
 .debug_macro   0x00001dc8       0x10 ./system/src/diag/trace_impl.o
 .debug_macro   0x00001dd8       0xcf ./system/src/diag/trace_impl.o
 .debug_macro   0x00001ea7       0xbe ./system/src/diag/trace_impl.o
 .debug_macro   0x00001f65       0x22 ./system/src/diag/trace_impl.o
 .debug_macro   0x00001f87      0x16b ./system/src/cortexm/_initialize_hardware.o
 .debug_macro   0x000020f2      0x324 ./system/src/cortexm/exception_handlers.o
 .debug_macro   0x00002416       0x3b ./system/src/cortexm/exception_handlers.o
 .debug_macro   0x00002451       0x10 ./system/src/cortexm/exception_handlers.o
 .debug_macro   0x00002461      0x16e ./system/src/cmsis/system_stm32f10x.o
 .debug_macro   0x000025cf       0x34 ./system/src/cmsis/vectors_stm32f10x.o
 .debug_macro   0x00002603       0x40 ./src/AFIO_program.o
 .debug_macro   0x00002643       0x22 ./src/AFIO_program.o
 .debug_macro   0x00002665       0x7c ./src/AFIO_program.o
 .debug_macro   0x000026e1       0x10 ./src/AFIO_program.o
 .debug_macro   0x000026f1       0x3f ./src/EXTI_program.o
 .debug_macro   0x00002730       0x6a ./src/EXTI_program.o
 .debug_macro   0x0000279a       0x10 ./src/EXTI_program.o
 .debug_macro   0x000027aa       0x76 ./src/EXTI_program.o
 .debug_macro   0x00002820       0x40 ./src/GPIO_program.o
 .debug_macro   0x00002860       0xe8 ./src/GPIO_program.o
 .debug_macro   0x00002948       0x88 ./src/GPIO_program.o
 .debug_macro   0x000029d0       0x6d ./src/IR_NEC_program.o
 .debug_macro   0x00002a3d      0x272 ./src/IR_NEC_program.o
 .debug_macro   0x00002caf       0x76 ./src/IR_NEC_program.o
 .debug_macro   0x00002d25       0x34 ./src/IR_NEC_program.o
 .debug_macro   0x00002d59       0x22 ./src/IR_NEC_program.o
 .debug_macro   0x00002d7b       0x40 ./src/NVIC_program.o
 .debug_macro   0x00002dbb       0x4c ./src/NVIC_program.o
 .debug_macro   0x00002e07       0x3f ./src/RCC_program.o
 .debug_macro   0x00002e46      0x172 ./src/RCC_program.o
 .debug_macro   0x00002fb8       0x46 ./src/RCC_program.o
 .debug_macro   0x00002ffe       0x10 ./src/RCC_program.o
 .debug_macro   0x0000300e       0x40 ./src/SCB_program.o
 .debug_macro   0x0000304e       0x28 ./src/SCB_program.o
 .debug_macro   0x00003076       0x10 ./src/SCB_program.o
 .debug_macro   0x00003086       0x49 ./src/SPI_program.o
 .debug_macro   0x000030cf       0xee ./src/SPI_program.o
 .debug_macro   0x000031bd       0x40 ./src/SPI_program.o
 .debug_macro   0x000031fd       0x6f ./src/SnakeGame_program.o
 .debug_macro   0x0000326c       0x5e ./src/SnakeGame_program.o
 .debug_macro   0x000032ca      0x196 ./src/SnakeGame_program.o
 .debug_macro   0x00003460       0x40 ./src/SysTick_program.o
 .debug_macro   0x000034a0       0x34 ./src/SysTick_program.o
 .debug_macro   0x000034d4       0x10 ./src/SysTick_program.o
 .debug_macro   0x000034e4       0x5c ./src/TFT_program.o
 .debug_macro   0x00003540       0x7c ./src/TFT_program.o
 .debug_macro   0x000035bc       0x34 ./src/TFT_program.o
 .debug_macro   0x000035f0       0x40 ./src/Timer2_5_program.o
 .debug_macro   0x00003630       0x2e ./src/Timer2_5_program.o
 .debug_macro   0x0000365e       0x3a ./src/Timer2_5_program.o
 .debug_macro   0x00003698       0x37 ./src/main.o
